// Jest Snapshot v1, https://goo.gl/fbAQLP

exports[`OrdersLayout component renders the children correctly renders correctly 1`] = `
<div
  className="OrdersLayout container-fluid"
>
  <div
    className="row"
  >
    <div
      className="col-2 col-sm-2 col-md-2"
      style={
        Object {
          "backgroundColor": "#434449",
        }
      }
    >
      <ul
        className="nav flex-column"
      >
        <li
          className="nav-item"
        >
          <a
            className="nav-link"
            href="#"
            onClick={[Function]}
          >
             
            Wind power
             
          </a>
        </li>
        <li
          className="nav-item"
        >
          <a
            className="nav-link"
            href="#"
            onClick={[Function]}
          >
             
            Biomass
             
          </a>
        </li>
        <li
          className="nav-item"
        >
          <a
            className="nav-link"
            href="#"
            onClick={[Function]}
          >
             
            Solar
             
          </a>
        </li>
        <li
          className="nav-item"
        >
          <a
            className="nav-link"
            href="#"
            onClick={[Function]}
          >
             
            Gas
             
          </a>
        </li>
      </ul>
    </div>
    <div
      className="col-10 col-sm-10 col-md-10"
    >
      <div
        className="row"
      >
        <div
          className="col"
        >
          <h2>
            Orders Board
          </h2>
          <div>
            <table
              className="OrdersTable paper table table-striped"
            >
              <thead>
                <tr
                  className="OrdersTable-header"
                >
                  <th>
                    Date
                  </th>
                  <th>
                    Order
                  </th>
                  <th>
                    Volume
                  </th>
                  <th>
                    Price
                  </th>
                </tr>
              </thead>
              <tbody />
            </table>
          </div>
          <ul
            className="pagination"
            style={
              Object {
                "display": "flex",
                "flexFlow": "row wrap",
                "justifyContent": "flex-end",
                "maxWidth": "100%",
              }
            }
          >
            <li
              className="page-item"
            >
              <a
                aria-label="Previous"
                className="page-link"
                onClick={[Function]}
              >
                <span
                  aria-hidden="true"
                >
                  «
                </span>
                <span
                  className="sr-only"
                >
                  Previous
                </span>
              </a>
            </li>
            <li
              className="page-item"
            >
              <a
                aria-label={undefined}
                className="page-link"
              >
                 
                0
                 
              </a>
            </li>
            <li
              className="page-item"
            >
              <a
                aria-label="Next"
                className="page-link"
                onClick={[Function]}
              >
                <span
                  aria-hidden="true"
                >
                  »
                </span>
                <span
                  className="sr-only"
                >
                  Next
                </span>
              </a>
            </li>
            <input
              className="form-control"
              id="pickPage"
              name="pickPage"
              onChange={[Function]}
              placeholder="go to"
              style={
                Object {
                  "width": "100px",
                }
              }
              type="number"
            />
          </ul>
        </div>
      </div>
      <div
        className="row"
      >
        <div
          className="col"
          style={
            Object {
              "display": "flex",
              "flexFlow": "row wrap",
              "justifyContent": "center",
            }
          }
        >
          <div
            style={
              Object {
                "justifyContent": "center",
              }
            }
          >
            <h4>
               
              Selling Orders
               
            </h4>
            <div
              className="recharts-wrapper"
              onMouseEnter={[Function]}
              onMouseLeave={[Function]}
              onMouseMove={[Function]}
              onTouchMove={[Function]}
              style={
                Object {
                  "cursor": "default",
                  "height": 300,
                  "margin": "5px auto",
                  "position": "relative",
                  "width": 700,
                }
              }
            >
              <svg
                className="recharts-surface"
                height={300}
                style={undefined}
                version="1.1"
                viewBox="0 0 700 300"
                width={700}
              >
                <g
                  className="recharts-cartesian-grid"
                >
                  <g
                    className="recharts-cartesian-grid-horizontal"
                  >
                    <line
                      fill="none"
                      height={230}
                      stroke="#ccc"
                      strokeDasharray="3 3"
                      width={640}
                      x={60}
                      x1={60}
                      x2={700}
                      y={5}
                      y1={5}
                      y2={5}
                    />
                    <line
                      fill="none"
                      height={230}
                      stroke="#ccc"
                      strokeDasharray="3 3"
                      width={640}
                      x={60}
                      x1={60}
                      x2={700}
                      y={5}
                      y1={235}
                      y2={235}
                    />
                  </g>
                  <g
                    className="recharts-cartesian-grid-vertical"
                  >
                    <line
                      fill="none"
                      height={230}
                      stroke="#ccc"
                      strokeDasharray="3 3"
                      width={640}
                      x={60}
                      x1={60}
                      x2={60}
                      y={5}
                      y1={5}
                      y2={235}
                    />
                    <line
                      fill="none"
                      height={230}
                      stroke="#ccc"
                      strokeDasharray="3 3"
                      width={640}
                      x={60}
                      x1={700}
                      x2={700}
                      y={5}
                      y1={5}
                      y2={235}
                    />
                  </g>
                </g>
              </svg>
              <div
                className="recharts-legend-wrapper"
                style={
                  Object {
                    "bottom": 5,
                    "height": "auto",
                    "left": 0,
                    "position": "absolute",
                    "width": 700,
                  }
                }
              >
                <ul
                  className="recharts-default-legend"
                  style={
                    Object {
                      "margin": 0,
                      "padding": 0,
                      "textAlign": "center",
                    }
                  }
                >
                  <li
                    className="recharts-legend-item legend-item-0"
                    style={
                      Object {
                        "display": "inline-block",
                        "marginRight": 10,
                      }
                    }
                  >
                    <svg
                      className="recharts-surface"
                      height={14}
                      style={
                        Object {
                          "display": "inline-block",
                          "marginRight": 4,
                          "verticalAlign": "middle",
                        }
                      }
                      version="1.1"
                      viewBox="0 0 32 32"
                      width={14}
                    >
                      <path
                        className="recharts-legend-icon"
                        d="M0,16h10.666666666666666
                                  A5.333333333333333,5.333333333333333,0,1,1,21.333333333333332,16
                                  H32M21.333333333333332,16
                                  A5.333333333333333,5.333333333333333,0,1,1,10.666666666666666,16"
                        fill="none"
                        stroke="#FF5733"
                        strokeWidth={4}
                      />
                    </svg>
                    <span
                      className="recharts-legend-item-text"
                    >
                      price
                    </span>
                  </li>
                </ul>
              </div>
              <div
                className="recharts-tooltip-wrapper"
                style={
                  Object {
                    "MozTransform": "translate(undefinedpx, undefinedpx)",
                    "OTransform": "translate(undefinedpx, undefinedpx)",
                    "WebkitTransform": "translate(undefinedpx, undefinedpx)",
                    "msTransform": "translate(undefinedpx, undefinedpx)",
                    "pointerEvents": "none",
                    "position": "absolute",
                    "top": 0,
                    "transform": "translate(undefinedpx, undefinedpx)",
                    "visibility": "hidden",
                  }
                }
              >
                <div
                  className="recharts-default-tooltip"
                  style={
                    Object {
                      "backgroundColor": "#fff",
                      "border": "1px solid #ccc",
                      "margin": 0,
                      "padding": 10,
                      "whiteSpace": "nowrap",
                    }
                  }
                >
                  <p
                    className="recharts-tooltip-label"
                    style={
                      Object {
                        "margin": 0,
                      }
                    }
                  >
                    
                  </p>
                </div>
              </div>
            </div>
          </div>
          <div
            style={
              Object {
                "justifyContent": "center",
              }
            }
          >
            <h4>
               
              Buying Orders
               
            </h4>
            <div
              className="recharts-wrapper"
              onMouseEnter={[Function]}
              onMouseLeave={[Function]}
              onMouseMove={[Function]}
              onTouchMove={[Function]}
              style={
                Object {
                  "cursor": "default",
                  "height": 300,
                  "margin": "5px auto",
                  "position": "relative",
                  "width": 700,
                }
              }
            >
              <svg
                className="recharts-surface"
                height={300}
                style={undefined}
                version="1.1"
                viewBox="0 0 700 300"
                width={700}
              >
                <g
                  className="recharts-cartesian-grid"
                >
                  <g
                    className="recharts-cartesian-grid-horizontal"
                  >
                    <line
                      fill="none"
                      height={230}
                      stroke="#ccc"
                      strokeDasharray="3 3"
                      width={640}
                      x={60}
                      x1={60}
                      x2={700}
                      y={5}
                      y1={5}
                      y2={5}
                    />
                    <line
                      fill="none"
                      height={230}
                      stroke="#ccc"
                      strokeDasharray="3 3"
                      width={640}
                      x={60}
                      x1={60}
                      x2={700}
                      y={5}
                      y1={235}
                      y2={235}
                    />
                  </g>
                  <g
                    className="recharts-cartesian-grid-vertical"
                  >
                    <line
                      fill="none"
                      height={230}
                      stroke="#ccc"
                      strokeDasharray="3 3"
                      width={640}
                      x={60}
                      x1={60}
                      x2={60}
                      y={5}
                      y1={5}
                      y2={235}
                    />
                    <line
                      fill="none"
                      height={230}
                      stroke="#ccc"
                      strokeDasharray="3 3"
                      width={640}
                      x={60}
                      x1={700}
                      x2={700}
                      y={5}
                      y1={5}
                      y2={235}
                    />
                  </g>
                </g>
              </svg>
              <div
                className="recharts-legend-wrapper"
                style={
                  Object {
                    "bottom": 5,
                    "height": "auto",
                    "left": 0,
                    "position": "absolute",
                    "width": 700,
                  }
                }
              >
                <ul
                  className="recharts-default-legend"
                  style={
                    Object {
                      "margin": 0,
                      "padding": 0,
                      "textAlign": "center",
                    }
                  }
                >
                  <li
                    className="recharts-legend-item legend-item-0"
                    style={
                      Object {
                        "display": "inline-block",
                        "marginRight": 10,
                      }
                    }
                  >
                    <svg
                      className="recharts-surface"
                      height={14}
                      style={
                        Object {
                          "display": "inline-block",
                          "marginRight": 4,
                          "verticalAlign": "middle",
                        }
                      }
                      version="1.1"
                      viewBox="0 0 32 32"
                      width={14}
                    >
                      <path
                        className="recharts-legend-icon"
                        d="M0,16h10.666666666666666
                                  A5.333333333333333,5.333333333333333,0,1,1,21.333333333333332,16
                                  H32M21.333333333333332,16
                                  A5.333333333333333,5.333333333333333,0,1,1,10.666666666666666,16"
                        fill="none"
                        stroke="#8884d8"
                        strokeWidth={4}
                      />
                    </svg>
                    <span
                      className="recharts-legend-item-text"
                    >
                      price
                    </span>
                  </li>
                </ul>
              </div>
              <div
                className="recharts-tooltip-wrapper"
                style={
                  Object {
                    "MozTransform": "translate(undefinedpx, undefinedpx)",
                    "OTransform": "translate(undefinedpx, undefinedpx)",
                    "WebkitTransform": "translate(undefinedpx, undefinedpx)",
                    "msTransform": "translate(undefinedpx, undefinedpx)",
                    "pointerEvents": "none",
                    "position": "absolute",
                    "top": 0,
                    "transform": "translate(undefinedpx, undefinedpx)",
                    "visibility": "hidden",
                  }
                }
              >
                <div
                  className="recharts-default-tooltip"
                  style={
                    Object {
                      "backgroundColor": "#fff",
                      "border": "1px solid #ccc",
                      "margin": 0,
                      "padding": 10,
                      "whiteSpace": "nowrap",
                    }
                  }
                >
                  <p
                    className="recharts-tooltip-label"
                    style={
                      Object {
                        "margin": 0,
                      }
                    }
                  >
                    
                  </p>
                </div>
              </div>
            </div>
          </div>
        </div>
      </div>
    </div>
  </div>
</div>
`;
